                                                                                                                                                                   15 Feb 2024 14:58:48
Facility-Prince_Albert___Saskatchewan-To-Satellite-SOSO-1_00001, Satellite-SOSO-2_00002, Satellite-SOSO-3_00003, Satellite-SOSO-4_00004, Satellite-SOSO-5_00005:  Access Summary Report


Prince_Albert___Saskatchewan-To-SOSO-1_00001
--------------------------------------------
                  Access        Start Time (UTCG)           Stop Time (UTCG)        Duration (sec)
                  ------    ------------------------    ------------------------    --------------
                       1    15 Feb 2024 15:12:00.928    15 Feb 2024 15:17:44.827           343.899
                       2    15 Feb 2024 16:43:13.913    15 Feb 2024 16:52:19.725           545.812
                       3    15 Feb 2024 18:18:45.166    15 Feb 2024 18:24:53.018           367.852
                       4    16 Feb 2024 05:38:06.221    16 Feb 2024 05:46:51.423           525.203
                       5    16 Feb 2024 07:11:57.597    16 Feb 2024 07:19:39.656           462.058

Min Duration           1    15 Feb 2024 15:12:00.928    15 Feb 2024 15:17:44.827           343.899
Max Duration           2    15 Feb 2024 16:43:13.913    15 Feb 2024 16:52:19.725           545.812
Mean Duration                                                                              448.965
Total Duration                                                                            2244.824


Prince_Albert___Saskatchewan-To-SOSO-2_00002
--------------------------------------------
                  Access        Start Time (UTCG)           Stop Time (UTCG)        Duration (sec)
                  ------    ------------------------    ------------------------    --------------
                       1    15 Feb 2024 15:49:04.663    15 Feb 2024 15:57:33.019           508.356
                       2    15 Feb 2024 17:22:41.121    15 Feb 2024 17:31:52.218           551.096
                       3    16 Feb 2024 04:48:41.740    16 Feb 2024 04:55:52.383           430.643
                       4    16 Feb 2024 06:22:08.406    16 Feb 2024 06:31:25.564           557.159
                       5    16 Feb 2024 07:57:28.974    16 Feb 2024 08:02:46.957           317.984

Min Duration           5    16 Feb 2024 07:57:28.974    16 Feb 2024 08:02:46.957           317.984
Max Duration           4    16 Feb 2024 06:22:08.406    16 Feb 2024 06:31:25.564           557.159
Mean Duration                                                                              473.047
Total Duration                                                                            2365.237


Prince_Albert___Saskatchewan-To-SOSO-3_00003
--------------------------------------------
                  Access        Start Time (UTCG)           Stop Time (UTCG)        Duration (sec)
                  ------    ------------------------    ------------------------    --------------
                       1    15 Feb 2024 15:03:36.864    15 Feb 2024 15:08:57.105           320.242
                       2    15 Feb 2024 16:34:44.548    15 Feb 2024 16:43:59.114           554.566
                       3    15 Feb 2024 18:10:04.528    15 Feb 2024 18:17:06.007           421.478
                       4    16 Feb 2024 05:32:01.457    16 Feb 2024 05:40:51.784           530.328
                       5    16 Feb 2024 07:06:02.774    16 Feb 2024 07:14:12.969           490.195

Min Duration           1    15 Feb 2024 15:03:36.864    15 Feb 2024 15:08:57.105           320.242
Max Duration           2    15 Feb 2024 16:34:44.548    15 Feb 2024 16:43:59.114           554.566
Mean Duration                                                                              463.362
Total Duration                                                                            2316.809


Prince_Albert___Saskatchewan-To-SOSO-4_00004
--------------------------------------------
                  Access        Start Time (UTCG)           Stop Time (UTCG)        Duration (sec)
                  ------    ------------------------    ------------------------    --------------
                       1    15 Feb 2024 14:46:14.937    15 Feb 2024 14:49:21.283           186.346
                       2    15 Feb 2024 16:16:10.616    15 Feb 2024 16:25:08.343           537.727
                       3    15 Feb 2024 17:50:35.963    15 Feb 2024 17:58:41.779           485.816
                       4    16 Feb 2024 05:13:26.491    16 Feb 2024 05:21:41.711           495.220
                       5    16 Feb 2024 06:47:06.958    16 Feb 2024 06:55:51.179           524.221
                       6    16 Feb 2024 08:23:32.728    16 Feb 2024 08:24:59.834            87.106

Min Duration           6    16 Feb 2024 08:23:32.728    16 Feb 2024 08:24:59.834            87.106
Max Duration           2    15 Feb 2024 16:16:10.616    15 Feb 2024 16:25:08.343           537.727
Mean Duration                                                                              386.073
Total Duration                                                                            2316.436


Prince_Albert___Saskatchewan-To-SOSO-5_00005
--------------------------------------------
                  Access        Start Time (UTCG)           Stop Time (UTCG)        Duration (sec)
                  ------    ------------------------    ------------------------    --------------
                       1    15 Feb 2024 14:55:02.836    15 Feb 2024 14:59:52.644           289.808
                       2    15 Feb 2024 16:26:06.592    15 Feb 2024 16:35:22.834           556.242
                       3    15 Feb 2024 18:01:23.092    15 Feb 2024 18:08:58.050           454.958
                       4    16 Feb 2024 05:25:44.606    16 Feb 2024 05:34:38.820           534.215
                       5    16 Feb 2024 06:59:58.332    16 Feb 2024 07:08:28.935           510.603

Min Duration           1    15 Feb 2024 14:55:02.836    15 Feb 2024 14:59:52.644           289.808
Max Duration           2    15 Feb 2024 16:26:06.592    15 Feb 2024 16:35:22.834           556.242
Mean Duration                                                                              469.165
Total Duration                                                                            2345.825

Global Statistics
-----------------
Min Duration           6    16 Feb 2024 08:23:32.728    16 Feb 2024 08:24:59.834            87.106
Max Duration           4    16 Feb 2024 06:22:08.406    16 Feb 2024 06:31:25.564           557.159
Mean Duration                                                                              445.736
Total Duration                                                                           11589.131
