                                                                                                                                                        15 Feb 2024 14:55:43
Facility-Gatineau___Quebec-To-Satellite-SOSO-1_00001, Satellite-SOSO-2_00002, Satellite-SOSO-3_00003, Satellite-SOSO-4_00004, Satellite-SOSO-5_00005:  Access Summary Report


Gatineau___Quebec-To-SOSO-1_00001
---------------------------------
                  Access        Start Time (UTCG)           Stop Time (UTCG)        Duration (sec)
                  ------    ------------------------    ------------------------    --------------
                       1    15 Feb 2024 13:35:25.643    15 Feb 2024 13:40:54.101           328.458
                       2    15 Feb 2024 15:06:36.672    15 Feb 2024 15:15:41.629           544.958
                       3    16 Feb 2024 02:33:33.476    16 Feb 2024 02:37:59.569           266.093
                       4    16 Feb 2024 04:05:16.963    16 Feb 2024 04:14:14.581           537.618
                       5    16 Feb 2024 05:41:04.740    16 Feb 2024 05:44:01.013           176.273

Min Duration           5    16 Feb 2024 05:41:04.740    16 Feb 2024 05:44:01.013           176.273
Max Duration           2    15 Feb 2024 15:06:36.672    15 Feb 2024 15:15:41.629           544.958
Mean Duration                                                                              370.680
Total Duration                                                                            1853.400


Gatineau___Quebec-To-SOSO-2_00002
---------------------------------
                  Access        Start Time (UTCG)           Stop Time (UTCG)        Duration (sec)
                  ------    ------------------------    ------------------------    --------------
                       1    15 Feb 2024 14:11:41.711    15 Feb 2024 14:20:21.078           519.367
                       2    15 Feb 2024 15:45:51.663    15 Feb 2024 15:54:20.609           508.947
                       3    16 Feb 2024 03:14:57.356    16 Feb 2024 03:23:32.393           515.037
                       4    16 Feb 2024 04:49:10.267    16 Feb 2024 04:57:17.917           487.651

Min Duration           4    16 Feb 2024 04:49:10.267    16 Feb 2024 04:57:17.917           487.651
Max Duration           1    15 Feb 2024 14:11:41.711    15 Feb 2024 14:20:21.078           519.367
Mean Duration                                                                              507.750
Total Duration                                                                            2031.001


Gatineau___Quebec-To-SOSO-3_00003
---------------------------------
                  Access        Start Time (UTCG)           Stop Time (UTCG)        Duration (sec)
                  ------    ------------------------    ------------------------    --------------
                       1    15 Feb 2024 13:26:53.241    15 Feb 2024 13:31:38.880           285.639
                       2    15 Feb 2024 14:57:46.301    15 Feb 2024 15:07:04.536           558.235
                       3    15 Feb 2024 16:35:00.037    15 Feb 2024 16:38:35.515           215.477
                       4    16 Feb 2024 02:27:20.533    16 Feb 2024 02:30:52.511           211.978
                       5    16 Feb 2024 03:58:52.297    16 Feb 2024 04:08:04.186           551.889
                       6    16 Feb 2024 05:34:22.627    16 Feb 2024 05:38:51.694           269.067

Min Duration           4    16 Feb 2024 02:27:20.533    16 Feb 2024 02:30:52.511           211.978
Max Duration           2    15 Feb 2024 14:57:46.301    15 Feb 2024 15:07:04.536           558.235
Mean Duration                                                                              348.714
Total Duration                                                                            2092.285


Gatineau___Quebec-To-SOSO-4_00004
---------------------------------
                  Access        Start Time (UTCG)           Stop Time (UTCG)        Duration (sec)
                  ------    ------------------------    ------------------------    --------------
                       1    15 Feb 2024 14:39:07.567    15 Feb 2024 14:48:15.857           548.290
                       2    15 Feb 2024 16:14:38.085    15 Feb 2024 16:21:00.436           382.351
                       3    16 Feb 2024 03:40:09.476    16 Feb 2024 03:49:14.078           544.602
                       4    16 Feb 2024 05:14:51.034    16 Feb 2024 05:21:19.694           388.660

Min Duration           2    15 Feb 2024 16:14:38.085    15 Feb 2024 16:21:00.436           382.351
Max Duration           1    15 Feb 2024 14:39:07.567    15 Feb 2024 14:48:15.857           548.290
Mean Duration                                                                              465.976
Total Duration                                                                            1863.902


Gatineau___Quebec-To-SOSO-5_00005
---------------------------------
                  Access        Start Time (UTCG)           Stop Time (UTCG)        Duration (sec)
                  ------    ------------------------    ------------------------    --------------
                       1    15 Feb 2024 13:18:14.313    15 Feb 2024 13:22:03.893           229.580
                       2    15 Feb 2024 14:48:48.458    15 Feb 2024 14:58:11.170           562.712
                       3    15 Feb 2024 16:25:31.875    15 Feb 2024 16:30:36.288           304.413
                       4    16 Feb 2024 02:20:57.269    16 Feb 2024 02:23:30.722           153.453
                       5    16 Feb 2024 03:52:16.008    16 Feb 2024 04:01:38.846           562.838
                       6    16 Feb 2024 05:27:45.804    16 Feb 2024 05:33:08.702           322.898

Min Duration           4    16 Feb 2024 02:20:57.269    16 Feb 2024 02:23:30.722           153.453
Max Duration           5    16 Feb 2024 03:52:16.008    16 Feb 2024 04:01:38.846           562.838
Mean Duration                                                                              355.982
Total Duration                                                                            2135.894

Global Statistics
-----------------
Min Duration           4    16 Feb 2024 02:20:57.269    16 Feb 2024 02:23:30.722           153.453
Max Duration           5    16 Feb 2024 03:52:16.008    16 Feb 2024 04:01:38.846           562.838
Mean Duration                                                                              399.059
Total Duration                                                                            9976.483
